(1, 11, 18): OK
(1, 14, 3): OK
(2, 5, 15): OK
(3, 2, 2): OK
(3, 5, 11): OK
(3, 6, 10): OK
(3, 8, 14): OK
(3, 30, 1): OK
(4, 7, 9): OK
(5, 6, 12): OK
(5, 19, 21): OK
(5, 23, 2): OK
(5, 26, 8): OK
(5, 26, 12): OK
(6, 15, 23): OK
(7, 4, 2): OK
(7, 5, 19): OK
(7, 9, 4): OK
(7, 12, 9): OK
(8, 5, 29): OK
(9, 8, 19): OK
(10, 7, 11): OK
(10, 13, 3): OK
(11, 7, 21): OK
(11, 18, 20): OK
(13, 5, 6): OK
(13, 6, 6): OK
(13, 18, 16): OK
(14, 9, 9): OK
(14, 21, 3): OK
(14, 23, 5): OK
(15, 18, 11): OK
(15, 27, 5): OK
(16, 15, 11): OK
(17, 20, 4): OK
(19, 21, 8): OK
(20, 19, 11): OK
(20, 21, 5): OK
(21, 1, 3): OK
(21, 17, 4): OK
(21, 17, 7): OK
(23, 9, 2): OK
