(1, 2, 4): OK
(1, 2, 19): OK
(1, 4, 11): OK
(1, 6, 32): OK
(1, 6, 39): OK
(1, 8, 18): OK
(1, 15, 23): OK
(1, 15, 26): OK
(1, 16, 15): OK
(1, 17, 12): OK
(1, 21, 14): OK
(1, 21, 53): OK
(1, 21, 61): OK
(1, 26, 41): OK
(1, 28, 53): OK
(1, 39, 10): OK
(1, 40, 28): OK
(1, 45, 17): OK
(1, 47, 4): OK
(1, 51, 40): OK
(1, 55, 13): OK
(1, 56, 55): OK
(2, 21, 7): OK
(2, 23, 37): OK
(2, 31, 19): OK
(2, 35, 37): OK
(2, 41, 13): OK
(2, 47, 23): OK
(2, 51, 15): OK
(3, 3, 13): OK
(3, 4, 50): OK
(3, 4, 56): OK
(3, 4, 59): OK
(3, 11, 42): OK
(3, 11, 45): OK
(3, 26, 38): OK
(3, 29, 8): OK
(3, 32, 8): OK
(3, 34, 29): OK
(3, 36, 25): OK
(3, 38, 19): OK
(3, 46, 44): OK
(3, 47, 15): OK
(3, 55, 9): OK
(3, 61, 6): OK
(3, 61, 60): OK
(4, 5, 49): OK
(4, 13, 9): OK
(4, 23, 31): OK
(4, 41, 1): OK
(4, 41, 43): OK
(4, 53, 9): OK
(5, 1, 13): OK
(5, 2, 40): OK
(5, 3, 29): OK
(5, 4, 24): OK
(5, 6, 8): OK
(5, 6, 40): OK
(5, 8, 57): OK
(5, 15, 27): OK
(5, 17, 23): OK
(5, 19, 18): OK
(5, 19, 37): OK
(5, 20, 34): OK
(5, 22, 2): OK
(5, 29, 23): OK
(5, 36, 41): OK
(5, 41, 32): OK
(5, 45, 36): OK
(5, 46, 17): OK
(5, 49, 28): OK
(5, 49, 47): OK
(5, 51, 15): OK
(5, 52, 12): OK
(5, 57, 8): OK
(6, 9, 49): OK
(6, 27, 41): OK
(6, 35, 35): OK
(6, 37, 37): OK
(6, 47, 45): OK
(7, 4, 34): OK
(7, 15, 29): OK
(7, 26, 48): OK
(7, 29, 15): OK
(7, 40, 3): OK
(7, 40, 24): OK
(7, 48, 22): OK
(7, 50, 16): OK
(7, 53, 30): OK
(8, 1, 19): OK
(8, 9, 1): OK
(8, 9, 11): OK
(8, 9, 23): OK
(8, 19, 21): OK
(8, 57, 7): OK
(8, 59, 5): OK
(9, 1, 20): OK
(9, 4, 23): OK
(9, 10, 24): OK
(9, 20, 21): OK
(9, 21, 14): OK
(9, 22, 11): OK
(9, 25, 41): OK
(9, 25, 45): OK
(9, 25, 54): OK
(9, 26, 30): OK
(9, 28, 35): OK
(9, 29, 28): OK
(9, 29, 44): OK
(9, 32, 3): OK
(9, 33, 23): OK
(9, 39, 4): OK
(9, 40, 30): OK
(10, 3, 11): OK
(10, 7, 13): OK
(10, 9, 37): OK
(10, 31, 21): OK
(10, 37, 47): OK
(10, 49, 17): OK
(11, 3, 7): OK
(11, 6, 32): OK
(11, 8, 30): OK
(11, 9, 20): OK
(11, 10, 34): OK
(11, 11, 10): OK
(11, 13, 7): OK
(11, 18, 24): OK
(11, 19, 6): OK
(11, 23, 59): OK
(11, 26, 19): OK
(11, 27, 7): OK
(11, 29, 3): OK
(11, 29, 31): OK
(11, 31, 40): OK
(11, 39, 5): OK
(11, 45, 5): OK
(11, 47, 23): OK
(11, 53, 20): OK
(11, 53, 49): OK
(12, 5, 37): OK
(12, 25, 13): OK
(12, 25, 59): OK
(12, 55, 5): OK
(12, 59, 5): OK
(13, 1, 31): OK
(13, 3, 23): OK
(13, 4, 10): OK
(13, 8, 42): OK
(13, 8, 44): OK
(13, 13, 22): OK
(13, 13, 23): OK
(13, 13, 24): OK
(13, 13, 25): OK
(13, 16, 18): OK
(13, 19, 5): OK
(13, 19, 40): OK
(13, 20, 55): OK
(13, 21, 22): OK
(13, 21, 35): OK
(13, 23, 22): OK
(13, 25, 22): OK
(13, 35, 38): OK
(13, 49, 17): OK
(14, 9, 47): OK
(14, 15, 31): OK
(14, 21, 43): OK
(14, 29, 49): OK
(15, 5, 18): OK
(15, 10, 24): OK
(15, 11, 20): OK
(15, 11, 22): OK
(15, 19, 55): OK
(15, 21, 20): OK
(15, 22, 51): OK
(15, 23, 37): OK
(15, 25, 42): OK
(15, 28, 39): OK
(15, 47, 3): OK
(15, 50, 13): OK
(16, 15, 51): OK
(16, 19, 13): OK
(16, 51, 11): OK
(17, 7, 41): OK
(17, 14, 4): OK
(17, 14, 61): OK
(17, 20, 45): OK
(17, 22, 23): OK
(17, 22, 31): OK
(17, 24, 38): OK
(17, 24, 44): OK
(17, 49, 10): OK
(18, 5, 5): OK
(18, 19, 53): OK
(18, 37, 29): OK
(18, 47, 1): OK
(18, 51, 7): OK
(19, 5, 9): OK
(19, 7, 18): OK
(19, 9, 35): OK
(19, 10, 32): OK
(19, 13, 33): OK
(19, 17, 6): OK
(19, 20, 21): OK
(19, 24, 43): OK
(19, 25, 4): OK
(19, 26, 41): OK
(19, 30, 9): OK
(19, 36, 33): OK
(19, 37, 9): OK
(19, 37, 28): OK
(19, 43, 8): OK
(19, 45, 3): OK
(19, 45, 40): OK
(19, 46, 17): OK
(20, 9, 35): OK
(20, 17, 29): OK
(20, 19, 11): OK
(20, 23, 5): OK
(21, 1, 17): OK
(21, 9, 38): OK
(21, 10, 32): OK
(21, 13, 40): OK
(21, 17, 53): OK
(21, 29, 13): OK
(21, 40, 25): OK
(21, 45, 5): OK
(21, 45, 7): OK
(23, 6, 10): OK
(23, 14, 29): OK
(23, 15, 3): OK
(23, 17, 51): OK
(23, 18, 2): OK
(23, 19, 45): OK
(23, 23, 16): OK
(23, 32, 8): OK
(23, 34, 31): OK
(23, 41, 30): OK
(24, 7, 57): OK
(24, 31, 3): OK
(25, 3, 11): OK
(25, 4, 1): OK
(25, 7, 9): OK
(25, 9, 33): OK
(25, 10, 31): OK
(25, 13, 43): OK
(25, 14, 34): OK
(25, 21, 11): OK
(25, 22, 10): OK
(25, 35, 32): OK
(26, 7, 61): OK
(26, 11, 21): OK
(26, 25, 23): OK
(26, 43, 7): OK
(27, 19, 17): OK
(27, 23, 12): OK
(27, 28, 41): OK
(27, 33, 5): OK
(27, 34, 12): OK
(27, 38, 12): OK
(27, 42, 20): OK
(27, 45, 8): OK
(28, 39, 25): OK
(29, 15, 43): OK
(29, 21, 4): OK
(29, 24, 20): OK
(29, 27, 12): OK
(29, 34, 11): OK
(29, 36, 6): OK
(29, 39, 1): OK
(29, 54, 2): OK
(29, 60, 4): OK
(30, 19, 1): OK
(30, 29, 11): OK
(30, 37, 21): OK
(30, 53, 5): OK
(31, 2, 11): OK
(31, 3, 5): OK
(31, 19, 43): OK
(31, 23, 21): OK
(31, 32, 4): OK
(31, 37, 9): OK
(31, 47, 15): OK
(32, 23, 1): OK
(34, 5, 3): OK
(34, 29, 21): OK
(34, 31, 33): OK
(34, 33, 23): OK
(35, 4, 3): OK
(35, 22, 4): OK
(35, 23, 5): OK
(35, 31, 12): OK
(35, 40, 7): OK
(35, 40, 8): OK
(37, 10, 22): OK
(37, 27, 12): OK
(37, 27, 25): OK
(37, 47, 17): OK
(37, 52, 12): OK
(39, 3, 13): OK
(39, 20, 9): OK
(39, 20, 10): OK
(40, 15, 3): OK
(40, 19, 13): OK
(40, 19, 45): OK
(40, 43, 21): OK
(41, 14, 11): OK
(41, 14, 19): OK
(41, 30, 2): OK
(41, 37, 7): OK
(41, 49, 15): OK
(42, 25, 1): OK
(42, 29, 13): OK
(42, 63, 1): OK
(43, 21, 14): OK
(43, 37, 9): OK
(45, 9, 23): OK
(45, 43, 9): OK
(46, 43, 7): OK
(47, 43, 10): OK
(47, 45, 9): OK
(49, 15, 51): OK
(50, 17, 15): OK
(51, 26, 1): OK
(52, 1, 7): OK
(52, 9, 23): OK
(52, 11, 53): OK
(55, 10, 2): OK
(55, 53, 5): OK
(56, 57, 3): OK
(61, 15, 17): OK
(63, 15, 1): OK
