(1, 7, 1): OK
(1, 9, 2): OK
(1, 28, 11): OK
(1, 57, 1): OK
(1, 58, 3): OK
(2, 3, 7): OK
(2, 5, 17): OK
(2, 15, 10): OK
(2, 21, 19): OK
(3, 2, 53): OK
(3, 7, 36): OK
(3, 13, 37): OK
(3, 14, 41): OK
(3, 16, 45): OK
(3, 21, 11): OK
(3, 29, 53): OK
(3, 31, 28): OK
(4, 1, 5): OK
(4, 1, 16): OK
(4, 21, 38): OK
(5, 7, 1): OK
(5, 7, 5): OK
(5, 9, 3): OK
(5, 9, 30): OK
(5, 13, 28): OK
(5, 13, 56): OK
(5, 14, 11): OK
(5, 17, 5): OK
(5, 17, 16): OK
(5, 20, 9): OK
(5, 21, 3): OK
(5, 27, 48): OK
(5, 27, 51): OK
(5, 29, 5): OK
(5, 52, 3): OK
(5, 56, 5): OK
(5, 57, 4): OK
(6, 1, 45): OK
(6, 7, 42): OK
(6, 7, 61): OK
(6, 31, 27): OK
(7, 2, 51): OK
(7, 3, 25): OK
(7, 3, 34): OK
(7, 4, 35): OK
(7, 5, 31): OK
(7, 8, 41): OK
(7, 10, 7): OK
(7, 10, 61): OK
(7, 18, 27): OK
(7, 25, 62): OK
(7, 57, 45): OK
(8, 1, 45): OK
(8, 7, 23): OK
(9, 1, 21): OK
(9, 2, 27): OK
(9, 5, 36): OK
(9, 7, 14): OK
(9, 7, 60): OK
(9, 8, 55): OK
(9, 23, 11): OK
(9, 26, 53): OK
(9, 38, 1): OK
(9, 55, 53): OK
(10, 9, 57): OK
(10, 13, 63): OK
(10, 19, 9): OK
(10, 19, 15): OK
(10, 19, 18): OK
(10, 29, 21): OK
(11, 3, 41): OK
(11, 4, 23): OK
(11, 5, 62): OK
(11, 7, 57): OK
(11, 12, 23): OK
(11, 14, 19): OK
(11, 17, 62): OK
(11, 25, 19): OK
(11, 25, 38): OK
(11, 29, 4): OK
(11, 30, 21): OK
(11, 42, 5): OK
(11, 53, 19): OK
(11, 54, 5): OK
(11, 57, 8): OK
(11, 58, 21): OK
(11, 62, 51): OK
(12, 1, 15): OK
(12, 1, 56): OK
(12, 9, 34): OK
(12, 23, 57): OK
(12, 35, 17): OK
(12, 51, 10): OK
(13, 3, 6): OK
(13, 3, 24): OK
(13, 5, 21): OK
(13, 9, 2): OK
(13, 15, 13): OK
(13, 15, 38): OK
(13, 15, 53): OK
(13, 21, 44): OK
(13, 21, 55): OK
(13, 22, 37): OK
(13, 24, 35): OK
(13, 25, 19): OK
(13, 25, 34): OK
(13, 25, 38): OK
(13, 25, 63): OK
(14, 1, 28): OK
(14, 11, 48): OK
(14, 21, 32): OK
(15, 13, 56): OK
(15, 19, 57): OK
(15, 23, 1): OK
(15, 23, 17): OK
(15, 37, 10): OK
(15, 49, 37): OK
(15, 52, 17): OK
(16, 5, 49): OK
(16, 5, 51): OK
(16, 5, 53): OK
(16, 7, 16): OK
(16, 19, 22): OK
(16, 21, 1): OK
(16, 21, 14): OK
(16, 23, 57): OK
(17, 4, 17): OK
(17, 6, 21): OK
(17, 6, 29): OK
(17, 13, 16): OK
(17, 15, 32): OK
(17, 19, 30): OK
(17, 19, 49): OK
(17, 23, 29): OK
(17, 23, 55): OK
(17, 24, 31): OK
(17, 47, 29): OK
(17, 47, 54): OK
(18, 1, 12): OK
(18, 11, 59): OK
(18, 17, 3): OK
(18, 17, 30): OK
(18, 25, 2): OK
(19, 1, 46): OK
(19, 1, 49): OK
(19, 2, 11): OK
(19, 3, 7): OK
(19, 3, 22): OK
(19, 13, 12): OK
(19, 13, 22): OK
(19, 13, 61): OK
(19, 15, 56): OK
(19, 21, 52): OK
(19, 23, 5): OK
(19, 52, 7): OK
(20, 13, 19): OK
(20, 15, 53): OK
(20, 17, 5): OK
(20, 17, 30): OK
(20, 21, 11): OK
(20, 21, 31): OK
(20, 31, 51): OK
(20, 41, 13): OK
(21, 1, 36): OK
(21, 1, 43): OK
(21, 5, 33): OK
(21, 13, 27): OK
(21, 13, 58): OK
(21, 16, 37): OK
(21, 17, 27): OK
(21, 19, 61): OK
(21, 23, 28): OK
(21, 23, 41): OK
(21, 45, 11): OK
(21, 46, 5): OK
(21, 49, 11): OK
(21, 51, 11): OK
(22, 1, 27): OK
(22, 3, 31): OK
(22, 5, 16): OK
(22, 15, 8): OK
(22, 15, 30): OK
(22, 15, 51): OK
(22, 25, 28): OK
(22, 41, 8): OK
(22, 45, 5): OK
(22, 49, 8): OK
(22, 51, 10): OK
(23, 11, 10): OK
(23, 14, 29): OK
(23, 15, 59): OK
(23, 15, 63): OK
(23, 17, 26): OK
(23, 18, 5): OK
(23, 20, 61): OK
(23, 31, 18): OK
(23, 37, 20): OK
(23, 41, 5): OK
(24, 11, 3): OK
(24, 11, 18): OK
(24, 13, 4): OK
(24, 29, 7): OK
(24, 37, 19): OK
(24, 39, 19): OK
(24, 41, 33): OK
(24, 43, 1): OK
(25, 3, 38): OK
(25, 7, 57): OK
(25, 8, 55): OK
(25, 11, 18): OK
(25, 15, 4): OK
(25, 17, 41): OK
(25, 25, 11): OK
(25, 29, 19): OK
(25, 36, 7): OK
(25, 37, 19): OK
(26, 9, 11): OK
(26, 9, 27): OK
(26, 11, 1): OK
(26, 13, 27): OK
(26, 15, 38): OK
(26, 19, 5): OK
(26, 29, 34): OK
(27, 3, 53): OK
(27, 4, 1): OK
(27, 8, 63): OK
(27, 52, 5): OK
(28, 5, 33): OK
(28, 7, 17): OK
(28, 9, 2): OK
(28, 19, 10): OK
(28, 29, 34): OK
(29, 1, 45): OK
(29, 13, 7): OK
(29, 24, 59): OK
(29, 32, 3): OK
(29, 35, 31): OK
(29, 35, 33): OK
(29, 35, 57): OK
(29, 42, 17): OK
(30, 37, 27): OK
(31, 1, 14): OK
(31, 1, 17): OK
(31, 1, 61): OK
(31, 5, 37): OK
(31, 14, 29): OK
(31, 26, 57): OK
(31, 28, 61): OK
(31, 30, 3): OK
(31, 33, 18): OK
(31, 33, 38): OK
(31, 33, 46): OK
(31, 37, 12): OK
(32, 13, 30): OK
(32, 35, 8): OK
(33, 7, 38): OK
(33, 13, 2): OK
(33, 17, 6): OK
(33, 25, 12): OK
(33, 34, 1): OK
(34, 11, 35): OK
(34, 13, 38): OK
(34, 35, 24): OK
(34, 45, 14): OK
(35, 7, 15): OK
(35, 31, 26): OK
(35, 37, 20): OK
(35, 38, 3): OK
(35, 62, 27): OK
(36, 5, 23): OK
(36, 5, 38): OK
(36, 11, 2): OK
(36, 13, 2): OK
(36, 15, 29): OK
(36, 23, 29): OK
(36, 25, 10): OK
(36, 35, 26): OK
(37, 9, 22): OK
(37, 11, 36): OK
(37, 27, 29): OK
(37, 29, 1): OK
(38, 19, 3): OK
(38, 27, 5): OK
(39, 11, 29): OK
(39, 19, 9): OK
(39, 25, 41): OK
(39, 26, 19): OK
(40, 7, 27): OK
(40, 11, 51): OK
(40, 17, 8): OK
(40, 21, 3): OK
(41, 1, 8): OK
(41, 11, 26): OK
(41, 11, 34): OK
(41, 23, 57): OK
(41, 50, 11): OK
(42, 23, 22): OK
(42, 37, 8): OK
(42, 45, 5): OK
(43, 1, 7): OK
(43, 5, 47): OK
(43, 10, 45): OK
(43, 14, 7): OK
(43, 18, 3): OK
(44, 3, 16): OK
(44, 7, 18): OK
(44, 9, 4): OK
(44, 21, 1): OK
(44, 43, 3): OK
(44, 47, 3): OK
(45, 3, 32): OK
(45, 19, 23): OK
(45, 19, 63): OK
(45, 37, 4): OK
(46, 33, 2): OK
(47, 14, 3): OK
(47, 21, 5): OK
(47, 43, 3): OK
(48, 3, 26): OK
(48, 47, 2): OK
(48, 51, 7): OK
(49, 2, 25): OK
(49, 5, 26): OK
(49, 17, 10): OK
(49, 18, 15): OK
(49, 19, 5): OK
(50, 11, 4): OK
(50, 11, 15): OK
(50, 15, 8): OK
(50, 49, 5): OK
(51, 4, 1): OK
(51, 12, 29): OK
(51, 13, 28): OK
(51, 16, 1): OK
(51, 24, 1): OK
(52, 15, 4): OK
(52, 27, 4): OK
(52, 51, 2): OK
(53, 3, 6): OK
(53, 4, 13): OK
(54, 1, 28): OK
(55, 2, 1): OK
(55, 9, 11): OK
(55, 25, 9): OK
(59, 18, 5): OK
(59, 24, 5): OK
(59, 52, 5): OK
(61, 3, 18): OK
(63, 31, 1): OK
