[10/15 09:27:43]: Begin
[10/15 09:27:43]: Removing '/home/danlehen/gh/best-random/experiments/x3/logs'...
[10/15 09:27:43]: mod3 (huge) : 18806 [10/15 09:28:28]: End
[10/15 09:52:33]: Begin
[10/15 09:52:33]: Removing '/home/danlehen/gh/best-random/experiments/x3/logs'...
[10/15 09:52:33]: mod3 (huge) : 18806 [10/15 09:52:37]: End
[10/15 09:54:29]: Begin
[10/15 09:54:29]: Removing '/home/danlehen/gh/best-random/experiments/x3/logs'...
[10/15 09:54:29]: mod3 (huge) : 18806 -> 11304 (20:40:27)
[10/18 06:34:56]: Removing '/home/danlehen/gh/best-random/experiments/x3/logs'...
[10/18 06:34:56]: z9 (huge) : 11304 -> 941 (09:18:38)
[10/20 15:53:34]: Removing '/home/danlehen/gh/best-random/experiments/x3/logs'...
[10/20 15:53:34]: lownda (huge) : 941 -> 941 (04:34:47)
[10/20 20:28:21]: Removing '/home/danlehen/gh/best-random/experiments/x3/logs'...
[10/20 20:28:21]: mod3 (tera) : 941 -> 641 (12:19:48)
[10/22 08:48:09]: Removing '/home/danlehen/gh/best-random/experiments/x3/logs'...
[10/22 08:48:09]: z9 (tera) : 641 [10/23 08:48:31]: End
[10/23 08:48:55]: Begin
[10/23 08:48:55]: Removing '/home/danlehen/gh/best-random/experiments/x3/logs'...
[10/23 08:48:55]: z9 (huge) : 641 